// Jest Snapshot v1, https://goo.gl/fbAQLP

exports[`Blog Card Matches Snapshot 1`] = `
<div
  className="w-100 flex flex-column"
>
  <div
    className="pv3 flex flex-column justify-between h-100"
  >
    <div>
      <a
        className="db f3 sans-serif mb1 dark-gray no-underline"
      />
      <div
        className="flex flex-wrap justify-start"
      />
    </div>
    <div>
      <p
        className="db f5 sans-serif lh-copy"
      />
    </div>
    <div
      className="flex justify-start"
    >
      <a
        className="sans-serif near-white bg-dark-gray b ttu w-100 no-underline pv3 tc"
        rel="noopener noreferrer"
        target="_blank"
      >
        Visit Site
      </a>
    </div>
  </div>
</div>
`;
