// Jest Snapshot v1, https://goo.gl/fbAQLP

exports[`Navbar Matches Snapshot 1`] = `
<div
  className="bg-white bl bw2 br2 b--blue pa3 shadow-5 w-100 mv2"
>
  <a
    className="db f4 sans-serif mv1 navy"
  />
  <span
    className="db f5 sans-serif gray"
  >
    by 
  </span>
  <p
    className="db f5 sans-serif lh-copy"
  />
  <div
    className="flex flex-wrap justify-start"
  />
</div>
`;
