// Jest Snapshot v1, https://goo.gl/fbAQLP

exports[`Footer Component Matches Snapshot 1`] = `
<footer
  className="h5 bg-light-gray flex flex-wrap justify-center"
>
  <span
    className="db w-100 tc self-center sans-serif"
  >
    Built with React and Gatsby.
  </span>
  <span
    className="db w-100 tc self-center sans-serif"
  >
    See the source code on 
    <a
      className="dark-gray"
      href="https://github.com/madelyneriksen/codebywomen"
    >
      Github.
    </a>
  </span>
  <span
    className="db w-100 tc self-end sans-serif bg-moon-gray pa1"
  >
    Copyright 2019 Madelyn Eriksen
  </span>
</footer>
`;
