// Jest Snapshot v1, https://goo.gl/fbAQLP

exports[`Navbar Matches Snapshot 1`] = `
<div
  className="bg-white h3 flex items-center ph2 top-0 z-999 shadow-1"
  style={
    Object {
      "position": "sticky",
    }
  }
>
  <a
    className="f3 accent-font no-underline dark-gray"
    href="/"
  >
    CodeByWomen
  </a>
</div>
`;
