// Jest Snapshot v1, https://goo.gl/fbAQLP

exports[`Navbar Matches Snapshot 1`] = `
Array [
  <div
    className="bg-near-black flex items-center justify-center justify-start-ns ph2 ph3-ns z-999 pv3"
  >
    <a
      className="f2 f1-l fw8 ttu sans-serif no-underline washed-blue tracked-tight"
      href="/"
    >
      {
       Code
      <span
        className="fw3"
      >
         By 
      </span>
      Women 
      }
    </a>
  </div>,
  <div
    className="bg-near-black flex items-center justify-center justify-start-ns ph2 ph3-ns z-999 pv4 top-0"
    style={
      Object {
        "position": "sticky",
      }
    }
  >
    <a
      className="near-white hover-mid-gray tracked-ns ttu sans-serif no-underline db mr2 mr4-ns"
      href="/"
    >
      Home
    </a>
    <a
      className="near-white hover-mid-gray tracked-ns ttu sans-serif no-underline db mr2 mr4-ns"
      href="/about"
    >
      About
    </a>
    <a
      className="near-white hover-mid-gray tracked-ns ttu sans-serif no-underline db mr2 mr4-ns"
      href="/contact"
    >
      Contact
    </a>
    <a
      className="near-white hover-mid-gray tracked-ns ttu sans-serif no-underline db mr2 mr4-ns"
      href="https://github.com/madelyneriksen/codebywomen"
    >
      Contribute
    </a>
  </div>,
]
`;
