// Jest Snapshot v1, https://goo.gl/fbAQLP

exports[`Navbar Matches Snapshot 1`] = `
Array [
  <div
    className="bg-near-black pv4 flex items-center ph3 z-999"
  >
    <a
      className="f2 f1-l fw8 ttu sans-serif no-underline washed-blue tracked-tight"
      href="/"
    >
      {
       Code
      <span
        className="fw3"
      >
         By 
      </span>
      Women 
      }
    </a>
  </div>,
  <div
    className="bg-near-black pv4 flex items-center ph3 z-999 top-0"
    style={
      Object {
        "position": "sticky",
      }
    }
  >
    <a
      className="washed-blue tracked ttu sans-serif no-underline db"
      href="/about"
    >
      About • 
    </a>
    <a
      className="washed-blue tracked ttu sans-serif no-underline db"
      href="/contact"
    >
      Contact • 
    </a>
    <a
      className="washed-blue tracked ttu sans-serif no-underline db"
      href="https://github.com/madelyneriksen/codebywomen"
    >
      Contribute
    </a>
  </div>,
]
`;
